// Jest Snapshot v1, https://goo.gl/fbAQLP

exports[`Test de vista About Match de snapshot con AboutView.vue 1`] = `
<div class="about">
  <h1>Seccion de About </h1>
</div>
`;
