// Jest Snapshot v1, https://goo.gl/fbAQLP

exports[`Test de vista About Match de snapshot con ContactView.vue 1`] = `
<div class="home">
  <h1>Este es el Contacto</h1>
</div>
`;
